// Jest Snapshot v1, https://goo.gl/fbAQLP

exports[`renders 1`] = `
.c0 .sc-bdVaJa {
  border-radius: 0;
  margin: 0;
}

.c0 .sc-bdVaJa:first-child {
  border-radius: 4px 0 0 4px;
}

.c0 .sc-bdVaJa:last-child {
  border-radius: 0 4px 4px 0;
}

<div
  className="c0"
>
  hello
</div>
`;
